[2026-05-07 05:05:07,431] ERROR — Database error in get_all_tasks: SQLite objects created in a thread can only be used in that same thread. The object was created in thread id 15392 and this is thread id 10044.
[2026-05-07 05:38:04,013] ERROR — Database error in get_all_tasks: SQLite objects created in a thread can only be used in that same thread. The object was created in thread id 15392 and this is thread id 10044.
[2026-05-07 05:38:04,634] ERROR — Database error in get_all_tasks: SQLite objects created in a thread can only be used in that same thread. The object was created in thread id 15392 and this is thread id 10044.
[2026-05-07 05:38:22,060] ERROR — Database error in get_all_tasks: SQLite objects created in a thread can only be used in that same thread. The object was created in thread id 15392 and this is thread id 10044.
[2026-05-07 05:38:22,110] ERROR — Database error in get_all_tasks: SQLite objects created in a thread can only be used in that same thread. The object was created in thread id 15392 and this is thread id 10044.
[2026-05-07 05:42:59,349] ERROR — Database error in get_all_tasks: SQLite objects created in a thread can only be used in that same thread. The object was created in thread id 15392 and this is thread id 10044.
[2026-05-07 05:42:59,357] ERROR — Database error in get_all_tasks: SQLite objects created in a thread can only be used in that same thread. The object was created in thread id 15392 and this is thread id 10044.
[2026-05-07 05:43:17,452] ERROR — Database error in get_all_tasks: SQLite objects created in a thread can only be used in that same thread. The object was created in thread id 15392 and this is thread id 10044.
[2026-05-07 05:43:17,457] ERROR — Database error in get_all_tasks: SQLite objects created in a thread can only be used in that same thread. The object was created in thread id 15392 and this is thread id 10044.
[2026-05-07 05:52:14,117] INFO — Fetched page 1 with 2 tasks
[2026-05-07 05:52:14,184] INFO — Fetched page 1 with 2 tasks
[2026-05-07 05:57:04,052] INFO — Fetched page 1 with 2 tasks
[2026-05-07 05:57:04,479] INFO — Fetched page 1 with 2 tasks
[2026-05-07 05:57:07,551] INFO — Fetched page 1 with 2 tasks
[2026-05-07 05:57:07,956] INFO — Fetched page 1 with 2 tasks
[2026-05-07 05:59:28,399] INFO — Fetched page 1 with 2 tasks
[2026-05-07 05:59:28,412] INFO — Fetched page 1 with 2 tasks
[2026-05-07 06:00:50,295] INFO — Fetched page 1 with 2 tasks
[2026-05-07 06:00:50,408] INFO — Fetched page 1 with 2 tasks
[2026-05-07 06:13:37,359] INFO — Fetched page 1 with 2 tasks
[2026-05-07 06:13:37,810] INFO — Fetched page 1 with 2 tasks
[2026-05-07 06:14:20,964] INFO — Task 21 created
[2026-05-07 18:09:45,277] INFO — Fetched page 1 with 3 tasks
[2026-05-07 18:09:45,798] INFO — Fetched page 1 with 3 tasks
[2026-05-07 18:22:26,993] INFO — Fetched page 1 with 3 tasks
[2026-05-07 18:22:27,322] INFO — Fetched page 1 with 3 tasks
[2026-05-07 18:39:26,366] INFO — Fetched page 1 with 3 tasks
[2026-05-07 18:39:26,668] INFO — Fetched page 1 with 3 tasks
[2026-05-07 18:39:37,192] INFO — All tasks deleted
[2026-05-07 18:40:29,257] INFO — Fetched page 1 with 0 tasks
[2026-05-07 18:40:29,281] INFO — Fetched page 1 with 0 tasks
[2026-05-07 18:40:44,392] INFO — Task 22 created
[2026-05-07 18:40:46,329] INFO — All tasks deleted
[2026-05-07 18:40:52,699] INFO — Task 23 created
[2026-05-07 18:40:54,014] INFO — Task 24 created
[2026-05-07 18:40:55,311] INFO — Task 25 created
[2026-05-07 18:40:58,490] INFO — All tasks deleted
[2026-05-07 18:41:00,537] INFO — All tasks deleted
[2026-05-07 18:49:48,054] INFO — Task 26 created
[2026-05-07 18:49:49,229] INFO — Task 27 created
[2026-05-07 18:49:50,020] INFO — Task 28 created
[2026-05-07 18:49:50,779] INFO — Task 29 created
[2026-05-07 18:49:52,598] INFO — Task 30 created
[2026-05-07 18:49:55,716] INFO — All tasks deleted
[2026-05-07 18:49:57,250] INFO — All tasks deleted
[2026-05-07 18:50:03,362] INFO — All tasks deleted
[2026-05-07 19:11:56,726] INFO — Task 31 created
[2026-05-07 19:11:58,236] INFO — Task 32 created
[2026-05-07 19:11:59,196] INFO — Task 33 created
[2026-05-07 19:12:01,515] INFO — All tasks deleted
[2026-05-07 19:12:05,019] INFO — All tasks deleted
[2026-05-07 19:12:07,530] INFO — Task 34 created
[2026-05-07 19:12:08,826] INFO — Task 35 created
[2026-05-07 19:12:09,837] INFO — Task 36 created
[2026-05-07 19:12:20,774] INFO — Task 37 created
[2026-05-07 19:12:21,619] INFO — Task 38 created
[2026-05-07 19:12:29,668] INFO — All tasks deleted
[2026-05-07 20:29:37,588] INFO — Fetched page 1 with 0 tasks
[2026-05-07 20:29:37,620] INFO — Fetched page 1 with 0 tasks
[2026-05-07 20:29:55,638] INFO — Task 39 created
[2026-05-07 20:29:56,868] INFO — Task 40 created
[2026-05-07 20:29:57,881] INFO — Task 41 created
[2026-05-07 21:01:59,460] INFO — Fetched page 1 with 3 tasks
[2026-05-07 21:01:59,467] INFO — Fetched page 1 with 3 tasks
[2026-05-07 21:02:08,219] INFO — Task 39 updated
[2026-05-07 21:02:14,137] INFO — Task 39 updated
[2026-05-09 12:23:23,278] INFO — Fetched page 1 with 3 tasks
[2026-05-09 12:23:23,315] INFO — Fetched page 1 with 3 tasks
[2026-05-09 12:28:30,761] INFO — Fetched page 1 with 3 tasks
[2026-05-09 12:28:30,853] INFO — Fetched page 1 with 3 tasks
[2026-05-09 12:29:02,429] INFO — Task 41 deleted
[2026-05-09 12:29:03,861] INFO — Task 40 deleted
[2026-05-09 12:29:06,326] INFO — Task 39 deleted
[2026-05-09 13:08:32,342] INFO — Fetched page 1 with 0 tasks
[2026-05-09 13:08:32,394] INFO — Fetched page 1 with 0 tasks
[2026-05-09 13:08:34,961] INFO — Task 42 created
[2026-05-09 13:08:36,258] INFO — Task 43 created
[2026-05-09 13:08:38,585] INFO — Task 42 deleted
[2026-05-09 13:08:39,545] INFO — Task 43 deleted
[2026-05-09 13:21:43,440] INFO — Fetched page 1 with 0 tasks
[2026-05-09 13:21:43,507] INFO — Fetched page 1 with 0 tasks
[2026-05-09 13:22:10,948] INFO — Task 44 created
[2026-05-09 13:22:11,860] INFO — Task 45 created
[2026-05-09 13:22:12,604] INFO — Task 46 created
[2026-05-09 13:22:14,039] INFO — Task 44 deleted
[2026-05-09 13:22:14,643] INFO — Task 45 deleted
[2026-05-09 13:22:16,137] INFO — Task 46 deleted
[2026-05-09 13:28:04,209] INFO — Fetched page 1 with 0 tasks
[2026-05-09 13:28:04,223] INFO — Fetched page 1 with 0 tasks
[2026-05-09 13:28:07,888] INFO — Task 47 created
[2026-05-09 13:28:08,886] INFO — Task 48 created
[2026-05-09 13:28:10,421] INFO — Task 47 deleted
[2026-05-09 13:28:11,493] INFO — Task 48 deleted
[2026-05-09 13:32:30,773] INFO — Fetched page 1 with 0 tasks
[2026-05-09 13:32:30,789] INFO — Fetched page 1 with 0 tasks
[2026-05-09 13:32:32,321] INFO — Task 49 created
[2026-05-09 13:32:32,989] INFO — Task 50 created
[2026-05-09 13:32:33,645] INFO — Task 51 created
[2026-05-09 13:32:37,882] INFO — All tasks deleted
[2026-05-09 13:37:48,155] INFO — Task 52 created
[2026-05-09 13:37:48,917] INFO — Task 53 created
[2026-05-09 13:37:49,910] INFO — Task 54 created
[2026-05-09 13:37:51,410] INFO — Task 52 updated
[2026-05-09 13:37:53,078] INFO — Task 53 deleted
[2026-05-09 13:37:56,329] INFO — All tasks deleted
[2026-05-09 13:38:01,270] INFO — Task 55 created
[2026-05-09 13:38:01,918] INFO — Task 56 created
[2026-05-09 13:38:02,493] INFO — Task 57 created
[2026-05-09 13:38:03,229] INFO — Task 58 created
[2026-05-09 13:38:06,444] INFO — Task 55 updated
[2026-05-09 13:38:07,400] INFO — Task 56 updated
[2026-05-09 13:38:14,376] INFO — All tasks deleted
[2026-05-09 20:17:30,611] INFO — Fetched page 1 with 0 tasks
[2026-05-09 20:17:45,927] INFO — Fetched page 1 with 0 tasks
[2026-05-09 20:19:08,017] INFO — Task 59 created
[2026-05-09 20:19:32,302] INFO — Task 59 updated
[2026-05-09 20:19:48,291] INFO — Task 60 created
[2026-05-09 20:24:25,834] INFO — Fetched page 1 with 2 tasks
[2026-05-09 20:24:25,847] INFO — Fetched page 1 with 2 tasks
[2026-05-09 20:25:09,521] INFO — Fetched page 1 with 2 tasks
[2026-05-09 20:25:09,527] INFO — Fetched page 1 with 2 tasks
[2026-05-09 20:25:11,528] INFO — Fetched page 1 with 2 tasks
[2026-05-09 20:25:11,534] INFO — Fetched page 1 with 2 tasks
[2026-05-09 20:26:40,779] INFO — Task 59 updated
[2026-05-09 20:26:41,753] INFO — Task 59 updated
[2026-05-09 20:26:42,280] INFO — Task 59 updated
[2026-05-09 20:26:42,885] INFO — Task 59 updated
[2026-05-09 20:26:43,456] INFO — Task 59 updated
[2026-05-09 20:26:44,528] INFO — Task 59 updated
[2026-05-09 20:26:48,543] INFO — Task 59 updated
[2026-05-09 20:26:49,202] INFO — Task 59 updated
[2026-05-09 20:30:46,647] INFO — Fetched page 1 with 2 tasks
[2026-05-09 20:30:46,653] INFO — Fetched page 1 with 2 tasks
[2026-05-09 20:30:55,387] INFO — Task 61 created
[2026-05-09 20:31:05,304] INFO — Fetched page 1 with 3 tasks
[2026-05-09 20:31:05,323] INFO — Fetched page 1 with 3 tasks
[2026-05-09 20:31:10,347] INFO — Task 59 updated
[2026-05-09 20:31:11,214] INFO — Task 59 deleted
[2026-05-09 20:31:13,372] INFO — Task 60 deleted
[2026-05-09 20:33:06,668] INFO — Fetched page 1 with 1 tasks
[2026-05-09 20:33:06,671] INFO — Fetched page 1 with 1 tasks
[2026-05-09 20:33:12,273] INFO — All tasks deleted
[2026-05-09 20:33:20,915] INFO — Task 62 created
[2026-05-09 20:33:24,403] INFO — Task 63 created
[2026-05-09 20:33:50,960] INFO — All tasks deleted
[2026-05-09 20:34:03,187] INFO — Fetched page 1 with 0 tasks
[2026-05-09 20:34:03,388] INFO — Fetched page 1 with 0 tasks
[2026-05-09 20:34:05,802] INFO — Fetched page 1 with 0 tasks
[2026-05-09 20:34:06,015] INFO — Fetched page 1 with 0 tasks
[2026-05-09 20:34:08,302] INFO — Fetched page 1 with 0 tasks
[2026-05-09 20:34:08,521] INFO — Fetched page 1 with 0 tasks
[2026-05-09 20:34:11,023] INFO — Fetched page 1 with 0 tasks
[2026-05-09 20:34:13,525] INFO — Fetched page 1 with 0 tasks
[2026-05-09 20:34:16,027] INFO — Fetched page 1 with 0 tasks
[2026-05-09 20:34:18,575] INFO — Fetched page 1 with 0 tasks
[2026-05-09 20:34:21,026] INFO — Fetched page 1 with 0 tasks
[2026-05-09 20:34:23,513] INFO — Fetched page 1 with 0 tasks
[2026-05-09 20:34:26,023] INFO — Fetched page 1 with 0 tasks
[2026-05-09 20:34:28,516] INFO — Fetched page 1 with 0 tasks
[2026-05-09 20:34:31,013] INFO — Fetched page 1 with 0 tasks
[2026-05-09 20:34:33,520] INFO — Fetched page 1 with 0 tasks
[2026-05-09 20:34:36,014] INFO — Fetched page 1 with 0 tasks
[2026-05-09 20:34:38,520] INFO — Fetched page 1 with 0 tasks
[2026-05-09 20:34:41,025] INFO — Fetched page 1 with 0 tasks
[2026-05-09 20:34:43,517] INFO — Fetched page 1 with 0 tasks
[2026-05-09 20:34:46,013] INFO — Fetched page 1 with 0 tasks
[2026-05-09 20:34:48,520] INFO — Fetched page 1 with 0 tasks
[2026-05-09 20:34:51,017] INFO — Fetched page 1 with 0 tasks
[2026-05-09 20:34:53,524] INFO — Fetched page 1 with 0 tasks
[2026-05-09 20:34:56,017] INFO — Fetched page 1 with 0 tasks
[2026-05-09 20:34:58,523] INFO — Fetched page 1 with 0 tasks
[2026-05-09 20:35:01,018] INFO — Fetched page 1 with 0 tasks
[2026-05-09 20:35:03,512] INFO — Fetched page 1 with 0 tasks
[2026-05-09 20:35:06,023] INFO — Fetched page 1 with 0 tasks
[2026-05-09 20:35:08,524] INFO — Fetched page 1 with 0 tasks
[2026-05-09 20:35:11,015] INFO — Fetched page 1 with 0 tasks
[2026-05-09 20:35:13,525] INFO — Fetched page 1 with 0 tasks
[2026-05-09 20:35:16,014] INFO — Fetched page 1 with 0 tasks
[2026-05-09 20:35:18,515] INFO — Fetched page 1 with 0 tasks
[2026-05-09 20:35:21,033] INFO — Fetched page 1 with 0 tasks
[2026-05-09 20:35:23,515] INFO — Fetched page 1 with 0 tasks
[2026-05-09 20:35:26,015] INFO — Fetched page 1 with 0 tasks
[2026-05-09 20:35:28,517] INFO — Fetched page 1 with 0 tasks
[2026-05-09 20:35:31,018] INFO — Fetched page 1 with 0 tasks
[2026-05-09 20:35:33,519] INFO — Fetched page 1 with 0 tasks
[2026-05-09 20:35:36,017] INFO — Fetched page 1 with 0 tasks
[2026-05-09 20:35:38,518] INFO — Fetched page 1 with 0 tasks
[2026-05-09 20:35:39,516] INFO — Fetched page 1 with 0 tasks
[2026-05-09 20:35:39,521] INFO — Fetched page 1 with 0 tasks
[2026-05-09 20:35:41,017] INFO — Fetched page 1 with 0 tasks
[2026-05-09 20:35:42,052] INFO — Fetched page 1 with 0 tasks
[2026-05-09 20:35:43,245] INFO — Task 64 created
[2026-05-09 20:35:43,339] INFO — Fetched page 1 with 1 tasks
[2026-05-09 20:35:43,515] INFO — Fetched page 1 with 1 tasks
[2026-05-09 20:35:44,557] INFO — Fetched page 1 with 1 tasks
[2026-05-09 20:35:46,025] INFO — Fetched page 1 with 1 tasks
[2026-05-09 20:35:47,053] INFO — Fetched page 1 with 1 tasks
[2026-05-09 20:35:47,101] INFO — Task 65 created
[2026-05-09 20:35:47,178] INFO — Fetched page 1 with 2 tasks
[2026-05-09 20:35:48,525] INFO — Fetched page 1 with 2 tasks
[2026-05-09 20:35:49,557] INFO — Fetched page 1 with 2 tasks
[2026-05-09 20:35:51,024] INFO — Fetched page 1 with 2 tasks
[2026-05-09 20:35:52,057] INFO — Fetched page 1 with 2 tasks
[2026-05-09 20:35:53,524] INFO — Fetched page 1 with 2 tasks
[2026-05-09 20:35:54,565] INFO — Fetched page 1 with 2 tasks
[2026-05-09 20:35:56,023] INFO — Fetched page 1 with 2 tasks
[2026-05-09 20:35:57,067] INFO — Fetched page 1 with 2 tasks
[2026-05-09 20:35:58,514] INFO — Fetched page 1 with 2 tasks
[2026-05-09 20:35:59,583] INFO — Fetched page 1 with 2 tasks
[2026-05-09 20:36:01,026] INFO — Fetched page 1 with 2 tasks
[2026-05-09 20:36:02,098] INFO — Fetched page 1 with 2 tasks
[2026-05-09 20:36:03,514] INFO — Fetched page 1 with 2 tasks
[2026-05-09 20:36:04,622] INFO — Fetched page 1 with 2 tasks
[2026-05-09 20:36:06,011] INFO — Fetched page 1 with 2 tasks
[2026-05-09 20:36:07,144] INFO — Fetched page 1 with 2 tasks
[2026-05-09 20:36:07,458] INFO — Task 64 updated
[2026-05-09 20:36:07,478] INFO — Fetched page 1 with 2 tasks
[2026-05-09 20:36:08,517] INFO — Fetched page 1 with 2 tasks
[2026-05-09 20:36:09,661] INFO — Fetched page 1 with 2 tasks
[2026-05-09 20:36:09,692] INFO — Task 65 updated
[2026-05-09 20:36:09,704] INFO — Fetched page 1 with 2 tasks
[2026-05-09 20:36:11,024] INFO — Fetched page 1 with 2 tasks
[2026-05-09 20:36:12,183] INFO — Fetched page 1 with 2 tasks
[2026-05-09 20:36:13,513] INFO — Fetched page 1 with 2 tasks
[2026-05-09 20:36:14,702] INFO — Fetched page 1 with 2 tasks
[2026-05-09 20:36:16,030] INFO — Fetched page 1 with 2 tasks
[2026-05-09 20:36:16,087] INFO — Task 64 updated
[2026-05-09 20:36:16,114] INFO — Fetched page 1 with 2 tasks
[2026-05-09 20:36:17,239] INFO — Fetched page 1 with 2 tasks
[2026-05-09 20:36:18,527] INFO — Fetched page 1 with 2 tasks
[2026-05-09 20:36:19,777] INFO — All tasks deleted
[2026-05-09 20:36:19,791] INFO — Fetched page 1 with 0 tasks
[2026-05-09 20:36:20,796] INFO — Fetched page 1 with 0 tasks
[2026-05-09 20:36:21,023] INFO — Fetched page 1 with 0 tasks
[2026-05-09 20:36:23,317] INFO — Fetched page 1 with 0 tasks
[2026-05-09 20:36:23,522] INFO — Fetched page 1 with 0 tasks
[2026-05-09 20:36:25,842] INFO — Fetched page 1 with 0 tasks
[2026-05-09 20:36:26,018] INFO — Fetched page 1 with 0 tasks
[2026-05-09 20:36:28,357] INFO — Fetched page 1 with 0 tasks
[2026-05-09 20:36:28,521] INFO — Fetched page 1 with 0 tasks
[2026-05-09 20:36:30,876] INFO — Fetched page 1 with 0 tasks
[2026-05-09 20:36:31,016] INFO — Fetched page 1 with 0 tasks
[2026-05-09 20:36:33,400] INFO — Fetched page 1 with 0 tasks
[2026-05-09 20:36:33,516] INFO — Fetched page 1 with 0 tasks
[2026-05-09 20:36:35,913] INFO — Fetched page 1 with 0 tasks
[2026-05-09 20:36:36,024] INFO — Fetched page 1 with 0 tasks
[2026-05-09 20:36:38,436] INFO — Fetched page 1 with 0 tasks
[2026-05-09 20:36:38,519] INFO — Fetched page 1 with 0 tasks
[2026-05-09 20:36:40,957] INFO — Fetched page 1 with 0 tasks
[2026-05-09 20:36:41,029] INFO — Fetched page 1 with 0 tasks
[2026-05-09 20:36:43,476] INFO — Fetched page 1 with 0 tasks
[2026-05-09 20:36:43,519] INFO — Fetched page 1 with 0 tasks
[2026-05-09 20:36:45,996] INFO — Fetched page 1 with 0 tasks
[2026-05-09 20:36:46,013] INFO — Fetched page 1 with 0 tasks
[2026-05-09 20:36:48,514] INFO — Fetched page 1 with 0 tasks
[2026-05-09 20:36:49,000] INFO — Fetched page 1 with 0 tasks
[2026-05-09 20:36:51,037] INFO — Fetched page 1 with 0 tasks
[2026-05-09 20:36:53,526] INFO — Fetched page 1 with 0 tasks
[2026-05-10 00:15:48,787] INFO — Task 66 created
[2026-05-10 00:15:48,818] INFO — Fetched page 1 with 1 tasks
[2026-05-10 00:17:34,847] INFO — Fetched page 1 with 1 tasks
[2026-05-10 00:17:34,898] INFO — Fetched page 1 with 1 tasks
[2026-05-10 00:22:59,080] INFO — Fetched page 1 with 1 tasks
[2026-05-10 00:22:59,108] INFO — Fetched page 1 with 1 tasks
[2026-05-10 00:23:01,701] INFO — Fetched page 1 with 1 tasks
[2026-05-10 00:23:04,178] INFO — Fetched page 1 with 1 tasks
[2026-05-10 00:23:06,719] INFO — Fetched page 1 with 1 tasks
[2026-05-10 00:23:09,281] INFO — Fetched page 1 with 1 tasks
[2026-05-10 00:23:11,734] INFO — Fetched page 1 with 1 tasks
[2026-05-10 00:23:14,194] INFO — Fetched page 1 with 1 tasks
[2026-05-10 00:23:16,675] INFO — Fetched page 1 with 1 tasks
[2026-05-10 00:23:18,906] INFO — Task 66 updated
[2026-05-10 00:23:18,943] INFO — Fetched page 1 with 1 tasks
[2026-05-10 00:23:19,192] INFO — Fetched page 1 with 1 tasks
[2026-05-10 00:23:21,772] INFO — Fetched page 1 with 1 tasks
[2026-05-10 00:23:24,234] INFO — Fetched page 1 with 1 tasks
[2026-05-10 00:23:26,754] INFO — Fetched page 1 with 1 tasks
[2026-05-10 00:23:29,274] INFO — Fetched page 1 with 1 tasks
[2026-05-10 00:23:31,810] INFO — Fetched page 1 with 1 tasks
[2026-05-10 00:23:34,369] INFO — Fetched page 1 with 1 tasks
[2026-05-10 00:23:36,927] INFO — Fetched page 1 with 1 tasks
[2026-05-10 00:23:39,380] INFO — Fetched page 1 with 1 tasks
[2026-05-10 00:23:41,951] INFO — Fetched page 1 with 1 tasks
[2026-05-10 00:23:44,503] INFO — Fetched page 1 with 1 tasks
[2026-05-10 00:23:46,963] INFO — Fetched page 1 with 1 tasks
[2026-05-10 00:23:49,427] INFO — Fetched page 1 with 1 tasks
[2026-05-10 00:23:57,742] INFO — Fetched page 1 with 1 tasks
[2026-05-10 00:24:00,146] INFO — Fetched page 1 with 1 tasks
[2026-05-10 00:24:02,735] INFO — Fetched page 1 with 1 tasks
[2026-05-10 00:24:05,298] INFO — Fetched page 1 with 1 tasks
[2026-05-10 00:24:07,766] INFO — Fetched page 1 with 1 tasks
[2026-05-10 00:24:10,314] INFO — Fetched page 1 with 1 tasks
[2026-05-10 00:24:12,771] INFO — Fetched page 1 with 1 tasks
[2026-05-10 00:24:15,266] INFO — Fetched page 1 with 1 tasks
[2026-05-10 00:24:17,783] INFO — Fetched page 1 with 1 tasks
[2026-05-10 00:24:20,347] INFO — Fetched page 1 with 1 tasks
[2026-05-10 00:24:22,910] INFO — Fetched page 1 with 1 tasks
[2026-05-10 00:24:25,349] INFO — Fetched page 1 with 1 tasks
[2026-05-10 00:24:27,866] INFO — Fetched page 1 with 1 tasks
[2026-05-10 00:24:30,385] INFO — Fetched page 1 with 1 tasks
[2026-05-10 00:24:32,948] INFO — Fetched page 1 with 1 tasks
[2026-05-10 00:24:35,500] INFO — Fetched page 1 with 1 tasks
[2026-05-10 00:24:37,960] INFO — Fetched page 1 with 1 tasks
[2026-05-10 00:24:40,522] INFO — Fetched page 1 with 1 tasks
[2026-05-10 00:24:43,078] INFO — Fetched page 1 with 1 tasks
[2026-05-10 00:24:45,544] INFO — Fetched page 1 with 1 tasks
[2026-05-10 00:24:48,097] INFO — Fetched page 1 with 1 tasks
[2026-05-10 00:24:50,659] INFO — Fetched page 1 with 1 tasks
[2026-05-10 00:24:53,065] INFO — Fetched page 1 with 1 tasks
[2026-05-10 00:24:55,675] INFO — Fetched page 1 with 1 tasks
[2026-05-10 00:24:58,107] INFO — Fetched page 1 with 1 tasks
[2026-05-10 00:25:00,627] INFO — Fetched page 1 with 1 tasks
[2026-05-10 00:25:03,144] INFO — Fetched page 1 with 1 tasks
[2026-05-10 00:25:05,709] INFO — Fetched page 1 with 1 tasks
[2026-05-10 00:25:08,270] INFO — Fetched page 1 with 1 tasks
[2026-05-10 00:25:32,146] INFO — Fetched page 1 with 1 tasks
[2026-05-10 00:25:32,192] INFO — Fetched page 1 with 1 tasks
[2026-05-10 00:26:29,592] INFO — Fetched page 1 with 1 tasks
[2026-05-10 00:26:29,601] INFO — Fetched page 1 with 1 tasks
[2026-05-10 00:26:32,149] INFO — Fetched page 1 with 1 tasks
[2026-05-10 00:26:34,655] INFO — Fetched page 1 with 1 tasks
[2026-05-10 00:26:36,872] INFO — Fetched page 1 with 1 tasks
[2026-05-10 00:26:36,878] INFO — Fetched page 1 with 1 tasks
[2026-05-10 00:26:37,151] INFO — Fetched page 1 with 1 tasks
[2026-05-10 00:26:39,436] INFO — Fetched page 1 with 1 tasks
[2026-05-10 00:26:39,649] INFO — Fetched page 1 with 1 tasks
[2026-05-10 00:26:41,946] INFO — Fetched page 1 with 1 tasks
[2026-05-10 00:26:42,149] INFO — Fetched page 1 with 1 tasks
[2026-05-10 00:26:44,531] INFO — Fetched page 1 with 1 tasks
[2026-05-10 00:26:44,646] INFO — Fetched page 1 with 1 tasks
[2026-05-10 00:26:46,986] INFO — Fetched page 1 with 1 tasks
[2026-05-10 00:26:47,138] INFO — Fetched page 1 with 1 tasks
[2026-05-10 00:26:49,544] INFO — Fetched page 1 with 1 tasks
[2026-05-10 00:26:49,648] INFO — Fetched page 1 with 1 tasks
[2026-05-10 00:26:52,004] INFO — Fetched page 1 with 1 tasks
[2026-05-10 00:26:52,148] INFO — Fetched page 1 with 1 tasks
[2026-05-10 00:26:54,638] INFO — Fetched page 1 with 1 tasks
[2026-05-10 00:26:54,666] INFO — Fetched page 1 with 1 tasks
[2026-05-10 00:26:57,002] INFO — Fetched page 1 with 1 tasks
[2026-05-10 00:26:57,154] INFO — Fetched page 1 with 1 tasks
[2026-05-10 00:26:59,580] INFO — Fetched page 1 with 1 tasks
[2026-05-10 00:26:59,645] INFO — Fetched page 1 with 1 tasks
[2026-05-10 00:27:02,038] INFO — Fetched page 1 with 1 tasks
[2026-05-10 00:27:02,146] INFO — Fetched page 1 with 1 tasks
[2026-05-10 00:27:04,600] INFO — Fetched page 1 with 1 tasks
[2026-05-10 00:27:04,658] INFO — Fetched page 1 with 1 tasks
[2026-05-10 00:27:07,090] INFO — Fetched page 1 with 1 tasks
[2026-05-10 00:27:07,137] INFO — Fetched page 1 with 1 tasks
[2026-05-10 00:27:09,596] INFO — Fetched page 1 with 1 tasks
[2026-05-10 00:27:09,641] INFO — Fetched page 1 with 1 tasks
[2026-05-10 00:27:12,146] INFO — Fetched page 1 with 1 tasks
[2026-05-10 00:27:12,175] INFO — Fetched page 1 with 1 tasks
[2026-05-10 00:27:14,650] INFO — Fetched page 1 with 1 tasks
[2026-05-10 00:27:17,211] INFO — Fetched page 1 with 1 tasks
[2026-05-10 00:27:19,651] INFO — Fetched page 1 with 1 tasks
[2026-05-10 00:27:20,880] INFO — Fetched page 1 with 1 tasks
[2026-05-10 00:27:22,168] INFO — Fetched page 1 with 1 tasks
[2026-05-10 00:27:24,643] INFO — Fetched page 1 with 1 tasks
[2026-05-10 00:27:27,170] INFO — Fetched page 1 with 1 tasks
[2026-05-10 00:27:29,667] INFO — Fetched page 1 with 1 tasks
[2026-05-10 00:27:32,145] INFO — Fetched page 1 with 1 tasks
[2026-05-10 00:27:34,653] INFO — Fetched page 1 with 1 tasks
[2026-05-10 00:27:37,247] INFO — Fetched page 1 with 1 tasks
[2026-05-10 00:27:39,647] INFO — Fetched page 1 with 1 tasks
[2026-05-10 00:27:42,146] INFO — Fetched page 1 with 1 tasks
[2026-05-10 00:27:44,666] INFO — Fetched page 1 with 1 tasks
[2026-05-10 00:27:47,178] INFO — Fetched page 1 with 1 tasks
[2026-05-10 00:27:49,645] INFO — Fetched page 1 with 1 tasks
[2026-05-10 00:27:52,332] INFO — Fetched page 1 with 1 tasks
[2026-05-10 00:27:54,637] INFO — Fetched page 1 with 1 tasks
[2026-05-10 00:27:57,141] INFO — Fetched page 1 with 1 tasks
[2026-05-10 00:27:59,645] INFO — Fetched page 1 with 1 tasks
[2026-05-10 00:28:02,145] INFO — Fetched page 1 with 1 tasks
[2026-05-10 00:28:04,648] INFO — Fetched page 1 with 1 tasks
[2026-05-10 00:28:07,148] INFO — Fetched page 1 with 1 tasks
[2026-05-10 00:28:09,650] INFO — Fetched page 1 with 1 tasks
[2026-05-10 00:28:12,149] INFO — Fetched page 1 with 1 tasks
[2026-05-10 00:28:14,647] INFO — Fetched page 1 with 1 tasks
[2026-05-10 00:28:17,139] INFO — Fetched page 1 with 1 tasks
[2026-05-10 00:28:19,647] INFO — Fetched page 1 with 1 tasks
[2026-05-10 00:28:22,148] INFO — Fetched page 1 with 1 tasks
[2026-05-10 00:28:24,638] INFO — Fetched page 1 with 1 tasks
[2026-05-10 00:28:27,146] INFO — Fetched page 1 with 1 tasks
[2026-05-10 00:28:29,651] INFO — Fetched page 1 with 1 tasks
[2026-05-10 00:28:32,149] INFO — Fetched page 1 with 1 tasks
[2026-05-10 00:28:34,646] INFO — Fetched page 1 with 1 tasks
[2026-05-10 00:28:37,138] INFO — Fetched page 1 with 1 tasks
[2026-05-10 00:28:39,644] INFO — Fetched page 1 with 1 tasks
[2026-05-10 00:28:42,149] INFO — Fetched page 1 with 1 tasks
[2026-05-10 00:28:44,642] INFO — Fetched page 1 with 1 tasks
[2026-05-10 00:28:47,150] INFO — Fetched page 1 with 1 tasks
[2026-05-10 00:28:49,641] INFO — Fetched page 1 with 1 tasks
[2026-05-10 00:28:52,150] INFO — Fetched page 1 with 1 tasks
[2026-05-10 00:28:54,650] INFO — Fetched page 1 with 1 tasks
[2026-05-10 00:28:57,146] INFO — Fetched page 1 with 1 tasks
[2026-05-10 00:28:59,642] INFO — Fetched page 1 with 1 tasks
[2026-05-10 00:29:02,149] INFO — Fetched page 1 with 1 tasks
[2026-05-10 00:29:04,636] INFO — Fetched page 1 with 1 tasks
[2026-05-10 00:29:07,151] INFO — Fetched page 1 with 1 tasks
[2026-05-10 00:29:09,648] INFO — Fetched page 1 with 1 tasks
[2026-05-10 00:29:12,142] INFO — Fetched page 1 with 1 tasks
[2026-05-10 00:29:14,646] INFO — Fetched page 1 with 1 tasks
[2026-05-10 00:29:17,150] INFO — Fetched page 1 with 1 tasks
[2026-05-10 00:29:19,646] INFO — Fetched page 1 with 1 tasks
[2026-05-10 00:29:22,149] INFO — Fetched page 1 with 1 tasks
[2026-05-10 00:29:24,644] INFO — Fetched page 1 with 1 tasks
[2026-05-10 00:29:27,152] INFO — Fetched page 1 with 1 tasks
[2026-05-10 00:29:29,645] INFO — Fetched page 1 with 1 tasks
[2026-05-10 00:29:32,156] INFO — Fetched page 1 with 1 tasks
[2026-05-10 00:29:34,647] INFO — Fetched page 1 with 1 tasks
[2026-05-10 00:29:37,136] INFO — Fetched page 1 with 1 tasks
[2026-05-10 00:29:39,643] INFO — Fetched page 1 with 1 tasks
[2026-05-10 00:29:42,144] INFO — Fetched page 1 with 1 tasks
[2026-05-10 00:29:44,648] INFO — Fetched page 1 with 1 tasks
[2026-05-10 00:29:47,146] INFO — Fetched page 1 with 1 tasks
[2026-05-10 00:29:49,647] INFO — Fetched page 1 with 1 tasks
[2026-05-10 00:29:49,836] INFO — Fetched page 1 with 1 tasks
[2026-05-10 00:29:49,842] INFO — Fetched page 1 with 1 tasks
[2026-05-10 00:29:52,166] INFO — Fetched page 1 with 1 tasks
[2026-05-10 00:29:52,434] INFO — Fetched page 1 with 1 tasks
[2026-05-10 00:29:54,647] INFO — Fetched page 1 with 1 tasks
[2026-05-10 00:29:54,922] INFO — Fetched page 1 with 1 tasks
[2026-05-10 00:29:57,149] INFO — Fetched page 1 with 1 tasks
[2026-05-10 00:29:57,453] INFO — Fetched page 1 with 1 tasks
[2026-05-10 00:29:59,648] INFO — Fetched page 1 with 1 tasks
[2026-05-10 00:29:59,931] INFO — Fetched page 1 with 1 tasks
[2026-05-10 00:30:02,141] INFO — Fetched page 1 with 1 tasks
[2026-05-10 00:30:02,469] INFO — Fetched page 1 with 1 tasks
[2026-05-10 00:30:04,643] INFO — Fetched page 1 with 1 tasks
[2026-05-10 00:30:05,031] INFO — Fetched page 1 with 1 tasks
[2026-05-10 00:30:05,148] INFO — Task 66 updated
[2026-05-10 00:30:05,197] INFO — Fetched page 1 with 1 tasks
[2026-05-10 00:30:07,140] INFO — Fetched page 1 with 1 tasks
[2026-05-10 00:30:07,488] INFO — Fetched page 1 with 1 tasks
[2026-05-10 00:30:09,650] INFO — Fetched page 1 with 1 tasks
[2026-05-10 00:30:09,989] INFO — Fetched page 1 with 1 tasks
[2026-05-10 00:30:12,170] INFO — Fetched page 1 with 1 tasks
[2026-05-10 00:30:12,518] INFO — Fetched page 1 with 1 tasks
[2026-05-10 00:30:14,669] INFO — Fetched page 1 with 1 tasks
[2026-05-10 00:30:15,121] INFO — Fetched page 1 with 1 tasks
[2026-05-10 00:30:17,150] INFO — Fetched page 1 with 1 tasks
[2026-05-10 00:30:17,545] INFO — Fetched page 1 with 1 tasks
[2026-05-10 00:30:19,646] INFO — Fetched page 1 with 1 tasks
[2026-05-10 00:30:20,082] INFO — Fetched page 1 with 1 tasks
[2026-05-10 00:30:22,137] INFO — Fetched page 1 with 1 tasks
[2026-05-10 00:30:22,649] INFO — Fetched page 1 with 1 tasks
[2026-05-10 00:30:25,204] INFO — Fetched page 1 with 1 tasks
[2026-05-10 00:30:27,661] INFO — Fetched page 1 with 1 tasks
[2026-05-10 00:30:30,221] INFO — Fetched page 1 with 1 tasks
[2026-05-10 00:30:32,678] INFO — Fetched page 1 with 1 tasks
[2026-05-10 00:30:35,191] INFO — Fetched page 1 with 1 tasks
[2026-05-10 00:30:37,799] INFO — Fetched page 1 with 1 tasks
[2026-05-10 00:30:40,256] INFO — Fetched page 1 with 1 tasks
[2026-05-10 00:32:32,088] INFO — Fetched page 1 with 1 tasks
[2026-05-10 00:32:32,094] INFO — Fetched page 1 with 1 tasks
[2026-05-10 00:32:34,743] INFO — Fetched page 1 with 1 tasks
[2026-05-10 00:32:37,145] INFO — Fetched page 1 with 1 tasks
[2026-05-10 00:33:24,099] INFO — Fetched page 1 with 1 tasks
[2026-05-10 00:33:24,676] INFO — Fetched page 1 with 1 tasks
[2026-05-10 00:33:27,158] INFO — Fetched page 1 with 1 tasks
[2026-05-10 00:33:29,638] INFO — Fetched page 1 with 1 tasks
[2026-05-10 00:33:31,029] INFO — Fetched page 1 with 1 tasks
[2026-05-10 00:33:31,044] INFO — Fetched page 1 with 1 tasks
[2026-05-10 00:33:32,154] INFO — Fetched page 1 with 1 tasks
[2026-05-10 00:33:33,726] INFO — Fetched page 1 with 1 tasks
[2026-05-10 00:33:34,654] INFO — Fetched page 1 with 1 tasks
[2026-05-10 00:33:36,158] INFO — Fetched page 1 with 1 tasks
[2026-05-10 00:33:37,150] INFO — Fetched page 1 with 1 tasks
[2026-05-10 00:33:38,742] INFO — Fetched page 1 with 1 tasks
[2026-05-10 00:33:39,649] INFO — Fetched page 1 with 1 tasks
[2026-05-10 00:33:41,202] INFO — Fetched page 1 with 1 tasks
[2026-05-10 00:33:42,153] INFO — Fetched page 1 with 1 tasks
[2026-05-10 00:33:43,761] INFO — Fetched page 1 with 1 tasks
[2026-05-10 00:33:44,649] INFO — Fetched page 1 with 1 tasks
[2026-05-10 00:33:46,222] INFO — Fetched page 1 with 1 tasks
[2026-05-10 00:33:47,147] INFO — Fetched page 1 with 1 tasks
[2026-05-10 00:33:48,755] INFO — Fetched page 1 with 1 tasks
[2026-05-10 00:33:49,643] INFO — Fetched page 1 with 1 tasks
[2026-05-10 00:33:51,207] INFO — Fetched page 1 with 1 tasks
[2026-05-10 00:33:51,787] INFO — Task 67 created
[2026-05-10 00:33:51,855] INFO — Fetched page 1 with 2 tasks
[2026-05-10 00:33:52,153] INFO — Fetched page 1 with 2 tasks
[2026-05-10 00:33:53,796] INFO — Fetched page 1 with 2 tasks
[2026-05-10 00:33:54,673] INFO — Fetched page 1 with 2 tasks
[2026-05-10 00:33:56,245] INFO — Fetched page 1 with 2 tasks
[2026-05-10 00:33:57,147] INFO — Fetched page 1 with 2 tasks
[2026-05-10 00:33:58,765] INFO — Fetched page 1 with 2 tasks
[2026-05-10 00:33:59,677] INFO — Fetched page 1 with 2 tasks
[2026-05-10 00:34:01,289] INFO — Fetched page 1 with 2 tasks
[2026-05-10 00:34:02,169] INFO — Fetched page 1 with 2 tasks
[2026-05-10 00:34:03,145] INFO — Task 66 updated
[2026-05-10 00:34:03,222] INFO — Fetched page 1 with 2 tasks
[2026-05-10 00:34:03,808] INFO — Fetched page 1 with 2 tasks
[2026-05-10 00:34:04,663] INFO — Fetched page 1 with 2 tasks
[2026-05-10 00:34:06,322] INFO — Fetched page 1 with 2 tasks
[2026-05-10 00:34:07,150] INFO — Fetched page 1 with 2 tasks
[2026-05-10 00:34:08,951] INFO — Fetched page 1 with 2 tasks
[2026-05-10 00:34:09,644] INFO — Fetched page 1 with 2 tasks
[2026-05-10 00:34:11,409] INFO — Fetched page 1 with 2 tasks
[2026-05-10 00:34:12,153] INFO — Fetched page 1 with 2 tasks
[2026-05-10 00:34:12,543] INFO — Task 68 created
[2026-05-10 00:34:12,575] INFO — Fetched page 1 with 3 tasks
[2026-05-10 00:34:13,882] INFO — Fetched page 1 with 3 tasks
[2026-05-10 00:34:14,641] INFO — Fetched page 1 with 3 tasks
[2026-05-10 00:34:16,405] INFO — Fetched page 1 with 3 tasks
[2026-05-10 00:34:17,151] INFO — Fetched page 1 with 3 tasks
[2026-05-10 00:34:18,924] INFO — Fetched page 1 with 3 tasks
[2026-05-10 00:34:19,643] INFO — Fetched page 1 with 3 tasks
[2026-05-10 00:34:21,448] INFO — Fetched page 1 with 3 tasks
[2026-05-10 00:34:21,616] INFO — Task 68 updated
[2026-05-10 00:34:21,697] INFO — Fetched page 1 with 3 tasks
[2026-05-10 00:34:22,147] INFO — Fetched page 1 with 3 tasks
[2026-05-10 00:34:24,003] INFO — Fetched page 1 with 3 tasks
[2026-05-10 00:34:24,651] INFO — Fetched page 1 with 3 tasks
[2026-05-10 00:34:26,506] INFO — Fetched page 1 with 3 tasks
[2026-05-10 00:34:27,163] INFO — Fetched page 1 with 3 tasks
[2026-05-10 00:34:29,002] INFO — Fetched page 1 with 3 tasks
[2026-05-10 00:34:29,644] INFO — Fetched page 1 with 3 tasks
[2026-05-10 00:34:31,524] INFO — Fetched page 1 with 3 tasks
[2026-05-10 00:34:32,146] INFO — Fetched page 1 with 3 tasks
[2026-05-10 00:34:34,243] INFO — Fetched page 1 with 3 tasks
[2026-05-10 00:34:34,651] INFO — Fetched page 1 with 3 tasks
[2026-05-10 00:34:36,600] INFO — Fetched page 1 with 3 tasks
[2026-05-10 00:34:37,142] INFO — Fetched page 1 with 3 tasks
[2026-05-10 00:34:39,159] INFO — Fetched page 1 with 3 tasks
[2026-05-10 00:34:39,641] INFO — Fetched page 1 with 3 tasks
[2026-05-10 00:34:41,724] INFO — Fetched page 1 with 3 tasks
[2026-05-10 00:34:42,150] INFO — Fetched page 1 with 3 tasks
[2026-05-10 00:34:44,122] INFO — Fetched page 1 with 3 tasks
[2026-05-10 00:34:44,639] INFO — Fetched page 1 with 3 tasks
[2026-05-10 00:34:46,737] INFO — Fetched page 1 with 3 tasks
[2026-05-10 00:34:47,153] INFO — Fetched page 1 with 3 tasks
[2026-05-10 00:34:49,196] INFO — Fetched page 1 with 3 tasks
[2026-05-10 00:34:49,645] INFO — Fetched page 1 with 3 tasks
[2026-05-10 00:34:51,747] INFO — Fetched page 1 with 3 tasks
[2026-05-10 00:34:52,144] INFO — Fetched page 1 with 3 tasks
[2026-05-10 00:34:54,324] INFO — Fetched page 1 with 3 tasks
[2026-05-10 00:34:54,642] INFO — Fetched page 1 with 3 tasks
[2026-05-10 00:34:56,750] INFO — Fetched page 1 with 3 tasks
[2026-05-10 00:34:57,147] INFO — Fetched page 1 with 3 tasks
[2026-05-10 00:34:59,297] INFO — Fetched page 1 with 3 tasks
[2026-05-10 00:34:59,641] INFO — Fetched page 1 with 3 tasks
[2026-05-10 00:35:01,764] INFO — Fetched page 1 with 3 tasks
[2026-05-10 00:35:02,141] INFO — Fetched page 1 with 3 tasks
[2026-05-10 00:35:04,288] INFO — Fetched page 1 with 3 tasks
[2026-05-10 00:35:04,636] INFO — Fetched page 1 with 3 tasks
[2026-05-10 00:35:06,803] INFO — Fetched page 1 with 3 tasks
[2026-05-10 00:35:07,139] INFO — Fetched page 1 with 3 tasks
[2026-05-10 00:35:09,371] INFO — Fetched page 1 with 3 tasks
[2026-05-10 00:35:09,639] INFO — Fetched page 1 with 3 tasks
[2026-05-10 00:35:11,856] INFO — Fetched page 1 with 3 tasks
[2026-05-10 00:35:12,145] INFO — Fetched page 1 with 3 tasks
[2026-05-10 00:35:14,385] INFO — Fetched page 1 with 3 tasks
[2026-05-10 00:35:14,653] INFO — Fetched page 1 with 3 tasks
[2026-05-10 00:35:16,945] INFO — Fetched page 1 with 3 tasks
[2026-05-10 00:35:17,142] INFO — Fetched page 1 with 3 tasks
[2026-05-10 00:35:19,505] INFO — Fetched page 1 with 3 tasks
[2026-05-10 00:35:19,650] INFO — Fetched page 1 with 3 tasks
[2026-05-10 00:35:21,928] INFO — Fetched page 1 with 3 tasks
[2026-05-10 00:35:22,149] INFO — Fetched page 1 with 3 tasks
[2026-05-10 00:35:24,524] INFO — Fetched page 1 with 3 tasks
[2026-05-10 00:35:24,665] INFO — Fetched page 1 with 3 tasks
[2026-05-10 00:35:26,971] INFO — Fetched page 1 with 3 tasks
[2026-05-10 00:35:27,143] INFO — Fetched page 1 with 3 tasks
[2026-05-10 00:35:29,546] INFO — Fetched page 1 with 3 tasks
[2026-05-10 00:35:29,643] INFO — Fetched page 1 with 3 tasks
[2026-05-10 00:35:32,007] INFO — Fetched page 1 with 3 tasks
[2026-05-10 00:35:32,155] INFO — Fetched page 1 with 3 tasks
[2026-05-10 00:35:34,529] INFO — Fetched page 1 with 3 tasks
[2026-05-10 00:35:34,665] INFO — Fetched page 1 with 3 tasks
[2026-05-10 00:35:37,073] INFO — Fetched page 1 with 3 tasks
[2026-05-10 00:35:37,419] INFO — Fetched page 1 with 3 tasks
[2026-05-10 00:35:39,566] INFO — Fetched page 1 with 3 tasks
[2026-05-10 00:35:39,734] INFO — Fetched page 1 with 3 tasks
[2026-05-10 00:35:42,090] INFO — Fetched page 1 with 3 tasks
[2026-05-10 00:35:42,163] INFO — Fetched page 1 with 3 tasks
[2026-05-10 00:35:44,607] INFO — Fetched page 1 with 3 tasks
[2026-05-10 00:35:44,657] INFO — Fetched page 1 with 3 tasks
[2026-05-10 00:35:47,129] INFO — Fetched page 1 with 3 tasks
[2026-05-10 00:35:47,200] INFO — Fetched page 1 with 3 tasks
